---
source: crates/tui/tests/snapshots.rs
expression: "frame(12.0, MEDIUM, \"2\")"
---
 traffic-police  Pixel 8 [demo]  com.example.shop  pid 4312  ● LIVE  ✎ 1 rule active          26 requests · 14 KB in · 18 KB out · 1 failed
╭─ Network · all app traffic ────────────────────────────────────────────────────────────────── ━ Receiving 3.9 KB/s   ━ Sending 2.4 KB/s ─╮
│  16 KB/s                                                                                 ┊             ⢀                                 │
│                                                                                          ┊            ⣰⠉⢧                                │
│ 8.0 KB/s                                                                                 ┊           ⡰⠃ ⠈⢧⣀⠤⠤⠤⠤⣀          ⣀   ⣀⠤⠤⣀  ⣀⠤⣀  │
│                                                                                          ┊⠔⠒⠤⠒⠉⠉⠉⠉⠒⠒⠉           ⠉⠒⠤⠔⠒⠒⠒⠒⠉⠉ ⠉⠉⠉    ⠑⠊   ⠉ │
│        0 ┄┄┄┄┄┄┄┄┄┄┄┄┄┄┄┄┄┄┄┄┄┄┄┄┄┄┄┄┄┄┄┄┄┄┄┄┄┄┄┄┄┄┄┄┄┄┄┄┄┄┄┄┄┄┄┄┄┄┄┄┄┄┄┄┄┄┄┄┄┄┄┄┄┄┄┄┄┄┄┄┊┄┄┄┄┄┄┄┄┄┄┄┄┄┄┄┄┄┄┄┄┄┄┄┄┄┄┄┄┄┄┄┄┄┄┄┄┄┄┄┄┄┄┄┄┄┄ │
│                                                                                          ┊⠒⠒⠒⠤⠤⠤⠤⠤⠤⠤⠔⠒⠒⠢⠤⢄⣀⣀⠤⠒⠒⠢⠤⢄⣀⠤⠔⠒⠒⠢⢄   ⣠⠤⠤⠤⠔⠤⡀ ⣀⠤⠒⠒ │
│ 8.0 KB/s                                                                                 ┊                              ⠈⢧ ⣰⠃     ⠈⠉     │
│                                                                                          ┊                               ⠈⠓⠁             │
│  16 KB/s                                                                                 ┊                                               │
│                                                                                          00:00.000             00:05.000                 │
╰──────────────────────────────────────────────────────────────────────────────────────────────────────────────────────────────────────────╯
╭─ Requests 26 ─ Connection ─ Thread ─ Rules ──────────────────────────────────────────────────────────────────────────────────────────────╮
│                                                                                                00:00.000        00:05.000                │
│ DefaultDispatcher-worker-1 5       ······························································▐▏▍········▐▊······██······█········█▋· │
│ DefaultDispatcher-worker-2 6       ·································································████████·▐▋·········▐▏█····▐█████·▐█ │
│ DefaultDispatcher-worker-3 5       ·································································▐██████···▐█████████▕█████▋··▐▋···▐█ │
│ Telemetry-Uploader 4               ····································································▌███▋·····█▕███▍·········████···· │
│ glide-source-thread-0 1            ······································································▕▏█···························· │
│ DefaultDispatcher-worker-4 4       ········································································▐███▉··█████▋▕████████▐██████ │
│ Thread-7 1                         ···························································································▕█········ │
│                                                                                                                                          │
│                                                                                                                                          │
│                                                                                                                                          │
│                                                                                                                                          │
│                                                                                                                                          │
│                                                                                                                                          │
│                                                                                                                                          │
│                                                                                                                                          │
│                                                                                                                                          │
│                                                                                                                                          │
│                                                                                                                                          │
│                                                                                                                                          │
│                                                                                                                                          │
│                                                                                                                                          │
│                                                                                                                                          │
│                                                                                                                                          │
╰──────────────────────────────────────────────────────────────────────────────────────────────────────────────────────────────────────────╯
 ↑↓ threads   ←→ requests   Enter open   Space pause   Tab next panel   ? help                                   ⚠ studio inspector present
