---
source: crates/tui/tests/snapshots.rs
expression: "frame(12.0, SMALL, \"?\")"
---
 traffic-police  Pixel 8 [demo]  com.example.shop  pid 4312  ● LIVE  ✎ 1 rule active    26 requests
╭─ Network · all app traffic ────────────────────────── ━ Receiving 4.0 KB/s   ━ Sending 2.5 KB/s ─╮
│  12 KB/s                                                         ┊        ▁                      │
│   ╭ keys ────────────────────────────────────────────────────────────────────────────────────╮ ▁ │
│   │ Move     ↑/k up · ↓/j down · ←/h left · →/l right · g/Home top · G/End/Ctrl+g bottom     │██ │
│   │          PgUp page up · PgDn page down · Ctrl+u/Ctrl+p ½ page up · Ctrl+d ½ page down    │┄┄ │
│   │          Enter open/decode · Esc back · Tab next panel · Shift+Tab previous panel        │█🮄 │
│   │ Views    1 connections · 2 threads · 3 rules · 4 logdawg                                 │   │
│ 8.│ List     c collapse · s sort · S reverse · C columns · / filter · m pin · r new rule     │   │
│   │          d diff                                                                          │   │
╰───│ Detail   n next match · N previous match · p parsed/source · o original                  │───╯
╭─ R│          b req/resp body · B body box · | jq · < scroll left · > scroll right            │───╮
│ Na│          [ fold all · ] unfold all                                                       │   │
│ no│ Rules    K move up · J move down · a add · Del/Backspace remove · Ctrl+s save            │   │
│ ev│          E $EDITOR                                                                       │   │
│ pr│ Live     Space pause · F freeze · L live · +/= zoom in · - zoom out · 0 reset zoom       │   │
│ re│          v range                                                                         │   │
│ no│ Graph    T source · t clock                                                              │   │
│ ch│ Session  y copy · w save body · e export · : commands · ? help · x clear · A app         │▎  │
│ ca│          :q quit                                                                         │  ▐│
│ lo│ Mouse    click rows and tabs · double-click opens                                        │▏ ▐│
│ no│          wheel scrolls (zooms on the graph; Shift+wheel moves in time)                   │🮋▎▐│
│ ev│          drag the graph to select a range, the border between boxes to resize            │🮊 ▐│
│ st│                                                                                          │🮇 ▐│
│ re│ any key closes                                                                           │▐█▐│
│ fo╰──────────────────────────────────────────────────────────────────────────────────────────╯ ▎▐│
│ notifications                                      ···          500 ms                         🮈▐│
│ status?orderId=ord_15bce3a5a…       0 B  json      200          413 ms                         🮈 │
╰──────────────────────────────────────────────────────────────────────────────────────────────────╯
 Enter open   / filter   Space pause   m pin   y copy   ? help           ⚠ studio inspector present
