---
source: crates/tui/tests/snapshots.rs
expression: "press(&mut app, SMALL, \"\")"
---
 traffic-police   ● FAILED  the capture runtime in com.example.app speaks protocol 2; this traffic-p
╭─ Network ────────────────────────────────────────────────── ━ Receiving 0 B/s   ━ Sending 0 B/s ─╮
│ 1.0 KB/s                                                                                         │
│                                                                                                  │
│          ⣀⣀⣀⣀⣀⣀⣀⣀⣀⣀⣀⣀⣀⣀⣀⣀⣀⣀⣀⣀⣀⣀⣀⣀⣀⣀⣀⣀⣀⣀⣀⣀⣀⣀⣀⣀⣀⣀⣀⣀⣀⣀⣀⣀⣀⣀⣀⣀⣀⣀⣀⣀⣀⣀⣀⣀⣀⣀⣀⣀⣀⣀⣀⣀⣀⣀⣀⣀⣀⣀⣀⣀⣀⣀⣀⣀⣀⣀⣀⣀⣀⣀⣀⣀⣀⣀⣀ │
│        0 ┄┄┄┄┄┄┄┄┄┄┄┄┄┄┄┄┄┄┄┄┄┄┄┄┄┄┄┄┄┄┄┄┄┄┄┄┄┄┄┄┄┄┄┄┄┄┄┄┄┄┄┄┄┄┄┄┄┄┄┄┄┄┄┄┄┄┄┄┄┄┄┄┄┄┄┄┄┄┄┄┄┄┄┄┄┄┄ │
│          ⠉⠉⠉⠉⠉⠉⠉⠉⠉⠉⠉⠉⠉⠉⠉⠉⠉⠉⠉⠉⠉⠉⠉⠉⠉⠉⠉⠉⠉⠉⠉⠉⠉⠉⠉⠉⠉⠉⠉⠉⠉⠉⠉⠉⠉⠉⠉⠉⠉⠉⠉⠉⠉⠉⠉⠉⠉⠉⠉⠉⠉⠉⠉⠉⠉⠉⠉⠉⠉⠉⠉⠉⠉⠉⠉⠉⠉⠉⠉⠉⠉⠉⠉⠉⠉⠉⠉ │
│                                                                                                  │
│ 1.0 KB/s                                                                                         │
│          1:36:10.000                  1:36:20.000                  1:36:30.000                   │
╰──────────────────────────────────────────────────────────────────────────────────────────────────╯
╭─ Requests 0 ─ Connection ─ Thread ─ Rules ───────────────────────────────────────────────────────╮
│ Name                               Size  Type      Status         Time   Timeline                │
│                                                                                                  │
│  the capture runtime in com.example.app speaks protocol 2; this traffic-police supports 1. The   │
│  host is older: update traffic-police.                                                           │
│                                                                                                  │
│  No requests yet. Traffic appears here as the app makes calls.                                   │
│                                                                                                  │
│                                                                                                  │
│                                                                                                  │
│                                                                                                  │
│                                                                                                  │
│                                                                                                  │
│                                                                                                  │
│                                                                                                  │
│                                                                                                  │
│                                                                                                  │
╰──────────────────────────────────────────────────────────────────────────────────────────────────╯
 Enter open   / filter   Space pause   m pin   y copy   e export   c collapse   s sort   ? help
