---
source: crates/tui/tests/snapshots.rs
expression: "detail(40.0, MEDIUM, path_ends(\"/threshold\"), \"\")"
---
 traffic-police  Pixel 8 [demo]  com.example.deepid_example  pid 4312  ● LIVE  ✎ 1 rule active          60 requests · 5.0 MB in · 42 KB out
╭─ Network · all app traffic ────────────────────────────────────────────────────────────────── ━ Receiving 2.2 KB/s   ━ Sending 1.5 KB/s ─╮
│ 1.0 MB/s                             ┊                                                                                                   │
│                       ┏━━┓┏━━┓   ┏━┓ ┏━━┓┏━━┓                                                                                            │
│                      ┏┛  ┗┛  ┗━━━┛ ┗━┛  ┗┛  ┗━┓                                                                                          │
│                     ┏┛               ┊        ┗┓                                                                                         │
│ 512 KB/s            ┃                ┊         ┗┓                                                                                        │
│                     ┃                ┊          ┃                                                                                        │
│                     ┃                ┊          ┃   ┏━┓                                                                                  │
│                     ┃                ┊          ┗━━━┛ ┗━┓                                                                                │
│        0 ━━━━━━━━━━━┛━━━━━━━━━━━━━━━━━━━━━━━━━━━━━━━━━━━┗━━━━━━━━━━━━━━━━━━━━━━━━━━━━━━━━━━━━━━━━━━━━━━━━━━━━━━━━━━━━━━━━━━━━━━━━━━━━━━━ │
│          00:10.000            00:15.000             00:20.000            00:25.000            00:30.000            00:35.000             │
╰──────────────────────────────────────────────────────────────────────────────────────────────────────────────────────────────────────────╯
╭─ Requests 60 ─ Connection ─ Thread ─ Rules ───────────────────────────────╮╭─ threshold ─ Overview ─ Response ─ Request ───────────── ✕ ─╮
│ Name                    Size Type      Status         Time Timeline       ││                                                             │
│ token                  391 B json      200          513 ms               ▐││  java.net.SocketTimeoutException: timeout                   │
│ init                   316 B json      200          2.01 s               ▐││                                                             │
│ monitor                302 B json      200          1.58 s               ▐││                                                             │
│ events                  17 B json      200          1.45 s               ▐││                                                             │
│ u_4821.png            4.5 KB png       200          476 ms               ▐││                                                             │
│ monitor                302 B json      200          1.53 s               ▐││                                                             │
│ challenge              144 B json      200          386 ms               ▐││                                                             │
│ config                   0 B           302           61 ms               ▐││                                                             │
│ ↪ config.json          106 B json      200          195 ms                ││ ────────────────────────────────────────────────────────────│
│ attest                 180 B json      200          2.75 s                ││ Request           threshold                                 │
│ metrics                  6 B protobuf  200          224 ms                ││ Method            GET                                       │
│ monitor                302 B json      200          1.41 s                ││ Status            SocketTimeoutException: timeout           │
│ events                  17 B json      200          1.14 s                ││ URL               https://deepid.example.app/api/sdk/livenes│
│ liveness-model-v3…     150 B json      404          346 ms                ││ Request type      —                                         │
│ enroll                  72 B json      200          2.08 s                ││ Response type     —                                         │
│ documents               93 B json      200          515 ms                ││ Response size     —                                         │
│ monitor                302 B json      200          1.50 s                ││ Initiating thread DefaultDispatcher-worker-4  id 61 · call s│
│ report                 305 B html      500          219 ms                ││ Client            OkHttp 4.12.0                             │
│ lookup?fields=cou…     101 B json      200          507 ms                ││ Protocol          h2                                        │
│ monitor                302 B json      200          1.49 s ▌              ││ Remote address    34.93.12.207:443  connection c-2 (reused) │
│ status?sessionId=…     263 B json      200          326 ms                ││ TLS               TLSv1.3 · TLS_AES_128_GCM_SHA256          │
│ threshold                              failed       10.0 s ████▊          ││ Certificate       CN=*.example.app · issued by WE1          │
│ events                  17 B json      200          970 ms ▏              ││ Started           00:10.100  (05:10:10.100)                 │
╰───────────────────────────────────────────────────────────────────────────╯╰─────────────────────────────────────────────────────────────╯
 ←→ tabs   ↑↓ move   Enter fold   p parsed/source   | jq   Esc close   ? help                                    ⚠ studio inspector present
