---
source: crates/tui/tests/snapshots.rs
expression: "frame(12.0, MEDIUM, \"2jl<Enter>\")"
---
 traffic-police  Pixel 8 [demo]  com.example.deepid_example  pid 4312  ● LIVE  ✎ 1 rule active           26 requests · 13 KB in · 18 KB out
╭─ Network · all app traffic ────────────────────────────────────────────────────────────────── ━ Receiving 3.1 KB/s   ━ Sending 1.3 KB/s ─╮
│  16 KB/s                                                                             ┊                                                   │
│                                                                                      ┊                                                   │
│                                                                                      ┊            ┏━┓                                    │
│                                                                                      ┊            ┃ ┃                                    │
│ 8.0 KB/s                                                                             ┊            ┃ ┃                ┏━┓                 │
│                                                                                      ┊            ┃ ┗━┓  ┏┓      ┏━┓ ┃ ┃          ┏━┓    │
│                                                                                      ┊      ┏━┓━┓ ┃   ┗━┓┛┗━━┏━┓━┛ ┗━┓ ┏━━━━━━┓━━┓┃ ┃    │
│                                                                                      ━━┏━━━━┛ ┗━┗━┛ ┏━┛ ┗┓┏━━┛ ┗━━━┛ ┗━┛┓┏━━┓┏┗━━┗┛ ┗━┓━ │
│        0                                                                             ━━┛        ┗━━━┛    ┗┛             ┗┛  ┗┛    ┗━┛ ┗━ │
│                                                                                      00:00.000            00:05.000            00:10.000 │
╰──────────────────────────────────────────────────────────────────────────────────────────────────────────────────────────────────────────╯
╭─ Requests 26 ─ Connection ─ Thread ─ Rules ───────────────────────────────╮ ╭─ config ─ Response body ─ Request body ────────────────────╮
│                                                     00:00.000             │ │ no response body                                           │
│ DefaultDispat… 5     ································█▏···▐▎···█··▕█···▏· │ │                                                            │
│ DefaultDispat… 5     ·································▕██▌·▐████▍█··▕█··█ │ │                                                            │
│ DefaultDispat… 6     ·································████▏▏····▕███▐██▐▎ │ │                                                            │
│ Telemetry-Upl… 4     ···································▍█▌··▏███····▕██· │ │                                                            │
│ glide-source-… 1     ····································██·············· │ │                                                            │
│ DefaultDispat… 4     ·····································██▉▕██▏██▊·▕███ │ │                                                            │
│ Thread-7 1           ···············································██··· │ │                                                            │
│                                                                           │ ╰────────────────────────────────────────────────────────────╯
│                                                                           │ ╭─ Overview ─ Response ─ Request ─ Call Stack ───────────────╮
│                                                                           │ │ Request           config                                   │
│                                                                           │ │ Method            GET                                      │
│                                                                           │ │ Status            302 Found                                │
│                                                                           │ │ URL               http://cdn.example.app/sdk/config        │
│                                                                           │ │ Redirect          followed by https://cdn.example.app/sdk/ │
│                                                                           │ │                   v2/config.json (200)                     │
│                                                                           │ │ Request type      —                                        │
│                                                                           │ │ Response type     —                                        │
│                                                                           │ │ Response size     0 B                                      │
│                                                                           │ │ Initiating thread DefaultDispatcher-worker-2  id 59 ·      │
│                                                                           │ │                   call site                                │
│                                                                           │ │ Client            OkHttp 4.12.0                            │
│                                                                           │ │ Protocol          http/1.1                                 │
│                                                                           │ │ Remote address    151.101.1.195:80  connection c-4 (reused)│
╰───────────────────────────────────────────────────────────────────────────╯ ╰────────────────────────────────────────────────────────────╯
 ←→ tabs   ↑↓ move   / search   nN next/previous   y copy   w save   Enter fold   p parsed/source   ? help       ⚠ studio inspector present
