---
source: crates/tui/tests/snapshots.rs
expression: "detail(40.0, LARGE, modified(), \"G\")"
---
 traffic-police  Pixel 8 [demo]  com.example.shop  pid 4312  ● LIVE  ✎ 1 rule active                                                        60 requests · 5.0 MB in · 40 KB out · 2 failed · 12 dropped
╭─ Network · all app traffic ─────────────────────────────────────────────────────────────────────────────────────────────────────────────────────────────── ━ Receiving 3.9 KB/s   ━ Sending 806 B/s ─╮
│ 1.0 MB/s                          ⣀⠤⠤⣀  ⣀⡠⠤⣀⡀    ⢀⡠⠤⢄⡀ ⢀⣀⠤⢄⣀  ⣀⠤⠤⣀                                                                                                                                   │
│                                 ⡴⠉    ⠉⠉    ⠈⠉⠉⠉⠉⠁   ⠈⠉⠁┊   ⠉⠉    ⠉⠑⠤⣀                                                                                                                               │
│ 512 KB/s                       ⣸⠁                       ┊             ⠑⢄                                                                                                                             │
│                               ⣰⠃                        ┊              ⠈⠣⣀       ⣀⣀                                                                                                                  │
│          ⣀⣀⣀⣀⣀⣀⣀⣀⣀⣀⣀⣀⣀⣀⣀⣀⣀⣀⣀⣀⡰⠃                         ┊                 ⠉⠉⠉⠉⠉⠉⠉  ⠉⠢⢄⣀⣀⣀⣀⣀⣀⣀⣀⣀⣀⣀⣀⣀⣀⣀⣀⣀⣀⣀⣀⣀⣀⣀⣀⣀⣀⣀⣀⣀⣀⣀⣀⣀⣀⣀⣀⣀⣀⣀⣀⣀⣀⣀⣀⣀⣀⣀⣀⣀⣀⣀⣀⣀⣀⣀⣀⣀⣀⣀⣀⣀⣀⣀⣀⣀⣀⣀⣀⣀⣀⣀⣀⣀⣀⣀⣀⣀⣀⣀⣀⣀⣀⣀⣀⣀⣀⣀⣀⣀⣀⣀⣀⣀⣀⣀⣀⣀⣀⣀⣀⣀⣀⣀⣀⣀⣀⣀⣀⣀⣀ │
│        0 ┄┄┄┄┄┄┄┄┄┄┄┄┄┄┄┄┄┄┄┄┄┄┄┄┄┄┄┄┄┄┄┄┄┄┄┄┄┄┄┄┄┄┄┄┄┄┄┊┄┄┄┄┄┄┄┄┄┄┄┄┄┄┄┄┄┄┄┄┄┄┄┄┄┄┄┄┄┄┄┄┄┄┄┄┄┄┄┄┄┄┄┄┄┄┄┄┄┄┄┄┄┄┄┄┄┄┄┄┄┄┄┄┄┄┄┄┄┄┄┄┄┄┄┄┄┄┄┄┄┄┄┄┄┄┄┄┄┄┄┄┄┄┄┄┄┄┄┄┄┄┄┄┄┄┄┄┄┄┄┄┄┄┄┄┄┄┄┄┄┄┄┄┄┄┄┄┄┄┄┄┄┄┄┄┄┄┄ │
│           ⢀       ⢀⡠⠤⠤⠤⠤⡀   ⢀⡠⠤⠤⠤⡀      ⣀⠤⠤⢄⣀⣀⣀⣀⣀⣀      ┊   ⡠⣀    ⢀⣀                 ⡠⠢⢄⡀    ⢀⣀⣀     ⣀⠤⠤⠒⠒⠒⠒⠒⠤⣀⣀⡀ ⢀⣀⣀⣀⡀    ⣀    ⣀⣀⣀⣀⣀⣀⣀⣀⣀⡀      ⣀⠤⠤⠤⠤⣀⣀⣀⣀⣀⣀⣀⣀⡀           ⣀⠤⣀⣀⡀         ⢀⠤⠒⠢⢄⣀⡠⠔⠒⠒⠢⠤⠤ │
│          ⠊⠁⠑⢄   ⡠⠒⠁     ⠈⠒⠤⠔⠁    ⠈⢦  ⢀⠔⠉          ⠉⠉⠉⠉⠉⠑⢄⣀⡠⠊  ⠑⢄⡠⠒⠁ ⠑⢄              ⡼⠁  ⠈⠉⠉⠉⠉⠁  ⠉⠢⠤⠒⠉           ⠈⠉⠁   ⠈⠑⠒⠉⠉ ⠉⠉⠉⠉         ⠈⠉⠒⠢⠤⠔⠊             ⠈⠒⢄ ⢀⡠⠤⠤⠤⠤⠔⠉    ⠈⠉⠑⠒⠤⣀⣀⣀⠤⠒⠁             │
│ 4.0 KB/s    ⠈⠣⠤⠊                   ⠑⠊⠁                  ┊             ⠑⢄           ⣰⠃                                                                           ⠉⠁                                   │
│                                                         ┊               ⠑⠢⣀  ⢀⡠⠔⠤⢄⡰⠃                                                                                                                 │
│ 8.0 KB/s                                                ┊                  ⠉⠉⠁                                                                                                                       │
│                00:10.000                      00:15.000                       00:20.000                      00:25.000                      00:30.000                      00:35.000                 │
╰──────────────────────────────────────────────────────────────────────────────────────────────────────────────────────────────────────────────────────────────────────────────────────────────────────╯
╭─ Requests 60 ─ Connection ─ Thread ─ Rules ────────────────────────────────────────────────────────────────╮ ╭─ status?orderId=ord_15bce3a5… ─ Response body (as delivered) ─ Request body ──────────╮
│ Name                                     Size  Type      Status         Time   Timeline                    │ │ {                                                                                     │
│ notifications                           306 B  json      200          1.65 s                               │ │   "ok": true,                                                                         │
│ events                                   17 B  json      200          1.09 s                               │ │   "orderId": "ord_15bce3a5a963c9fd",                                                  │
│ promo-banner-v3.json                    148 B  json      404          277 ms                               │ │   "status": "confirmed",                                                              │
│ reviews                                  86 B  json      200          516 ms                               │ │   "payment": "captured",                                                              │
│ notifications                           306 B  json      200          1.72 s                               │ │   "items": 1,                                                                         │
│ checkout                                 99 B  json      200          2.33 s                              ▐│ │   "eta": null,                                                                        │
│ cancel                                  305 B  html      500          222 ms                              ▐│ │   "updatedAt": "2026-09-29T05:04:51.000Z"                                             │
│ lookup?fields=country,region,curre…     120 B  json      200          291 ms                              ▐│ │ }                                                                                     │
│ notifications                           306 B  json      200          1.42 s   █                          ▐│ │                                                                                       │
│ events                                   17 B  json      200          958 ms   ▌                          ▐│ │                                                                                       │
│ status?orderId=ord_15bce3a5a963c9fd     146 B  json      200          329 ms   ▏                          ▐│ ╰───────────────────────────────────────────────────────────────────────────────────────╯
│ recommendations?productId=p_1042                         failed       10.0 s   █████████▏                 ▐│ ╭─ Overview ─ Response ─ Request ─ Call Stack ──────────────────────────────────────────╮
│ fonts.json                                               canceled     380 ms    ▏                         ▐│ │ Request type      —                                                                   │
│ notifications                           306 B  json      200          1.50 s    ▐▊                        ▐│ │ Response type     application/json; charset=utf-8                                     │
│ status?orderId=ord_15bce3a5a963c9fd     146 B  json      200          421 ms    ▏                         ▐│ │ Response size     145 B                                                               │
│ catalog-offline-v12.bin                5.0 MB  binary    200          6.38 s     █████▉                   ▐│ │ Token             JWT HS256 · expires 06:10:00.000 (in 59 min) · sub user_1024 ·      │
│ status?orderId=ord_15bce3a5a963c9fd     146 B  json      200          282 ms     ▕                        ▐│ │                   iss https://auth.example.com  in request header Authorization ·     │
│ ! events                                 17 B  json      200          1.04 s      █                       ▐│ │                   Enter decodes                                                       │
│ notifications                           306 B  json      200          1.77 s      █▊                      ▐│ │ Initiating thread DefaultDispatcher-worker-3  id 60 · call site                       │
│ status?orderId=ord_15bce3a5a963c9fd     146 B  json      200          134 ms       ▏                      ▐│ │ Client            OkHttp 4.12.0                                                       │
│ notifications                           306 B  json      200          1.44 s        █▎                    ▐│ │ Protocol          http/1.1                                                            │
│ status?orderId=ord_15bce3a5a963c9fd     146 B  json      200          129 ms        ▏                      │ │ Remote address    127.0.0.1:8080  connection c-2 (reused)                             │
│ events                                   17 B  json      200          1.30 s        ▕█▏                    │ │ Started           00:22.086  (05:10:22.086)                                           │
│ notifications                           306 B  json      200          1.45 s         ▕█                    │ │ Duration          313 ms                                                              │
│ status?orderId=ord_15bce3a5a963c9fd     146 B  json      200          162 ms         ▕                     │ │                                                                                       │
│ status?orderId=ord_15bce3a5a963c9fd     146 B  json      200          359 ms           ▏                   │ │ Timing            ███████████████████████████████████████████████████████████████████ │
│ notifications                           306 B  json      200          1.70 s           ▐█▏                 │ │                   queued 500 µs · dns — · connect — · send 100 µs · wait 303 ms ·     │
│ events                                   17 B  json      200          1.22 s           ▕█                  │ │                   receive 9 ms                                                        │
│ status?orderId=ord_15bce3a5a963c9fd     146 B  json      200          253 ms            ▏                  │ │                                                                                       │
│ notifications                           306 B  json      200          1.32 s             ▐▌                │ │ Rule              ✎ "Force payment captured" changed this response: body edited (1    │
│ ✎ status?orderId=ord_15bce3a5a963c…     145 B  json      200          313 ms             ▕▏                │ │                   match), set Cache-Control · o in Response shows the original        │
╰────────────────────────────────────────────────────────────────────────────────────────────────────────────╯ ╰───────────────────────────────────────────────────────────────────────────────────────╯
 ←→ tabs   ↑↓ move   / search   nN next/previous   y copy   w save   Enter fold   p parsed/source   | jq   Esc close   ? help                                                ⚠ studio inspector present
