---
source: crates/tui/tests/snapshots.rs
expression: "frame(12.0, SMALL, \"\")"
---
 traffic-police  Pixel 8 [demo]  com.example.shop  pid 4312  ● LIVE  ✎ 1 rule active    26 requests
╭─ Network · all app traffic ────────────────────────── ━ Receiving 4.0 KB/s   ━ Sending 2.5 KB/s ─╮
│  12 KB/s                                                         ┊        ▁                      │
│                                                                  ┊      ▁▇█▇▃▃▃▁          ▁▁   ▁ │
│                                                                  ▃▄▅▆▆▆▆████████▆▄▃▄▄▅▆▇▇▇██▇▇██ │
│        0 ┄┄┄┄┄┄┄┄┄┄┄┄┄┄┄┄┄┄┄┄┄┄┄┄┄┄┄┄┄┄┄┄┄┄┄┄┄┄┄┄┄┄┄┄┄┄┄┄┄┄┄┄┄┄┄┄┊┄┄┄┄┄┄┄┄┄┄┄┄┄┄┄┄┄┄┄┄┄┄┄┄┄┄┄┄┄┄ │
│                                                                  🮂▀🮄🮅🮆🮆🮅🮄▀🮄🮆█🮆🮄▀🮅🮆🮅🮄▀█████🮅🮆███🮄 │
│                                                                  ┊                    ██🮆▔   ▔   │
│ 8.0 KB/s                                                         ┊                     🮃         │
│                                                                  00:00.000                       │
╰──────────────────────────────────────────────────────────────────────────────────────────────────╯
╭─ Requests 26 ─ Connection ─ Thread ─ Rules ─ Logdawg ────────────────────────────────────────────╮
│ Name                               Size  Type      Status         Time   Timeline                │
│ notifications                     306 B  json      200          1.65 s                     █▎    │
│ events                             17 B  json      200          1.09 s                     🮋     │
│ promo-banner-v3.json              148 B  json      404          277 ms                     🮇     │
│ reviews                            86 B  json      200          516 ms                      🮈    │
│ notifications                     306 B  json      200          1.72 s                      ▐▉   │
│ checkout                           99 B  json      200          2.33 s                      ▐█▎  │
│ cancel                            305 B  html      500          222 ms                       ▏  ▐│
│ lookup?fields=country,region…     120 B  json      200          291 ms                       ▕▏ ▐│
│ notifications                     306 B  json      200          1.42 s                        🮋▎▐│
│ events                             17 B  json      200          958 ms                        🮊 ▐│
│ status?orderId=ord_15bce3a5a…     146 B  json      200          329 ms                        🮇 ▐│
│ recommendations?productId=p_…                      ···          1.90 s                        ▐█▐│
│ fonts.json                                         canceled     380 ms                         ▎▐│
│ notifications                                      ···          500 ms                         🮈▐│
│ status?orderId=ord_15bce3a5a…       0 B  json      200          413 ms                         🮈 │
╰──────────────────────────────────────────────────────────────────────────────────────────────────╯
 Enter open   / filter   Space pause   m pin   y copy   ? help           ⚠ studio inspector present
