---
source: crates/tui/tests/snapshots.rs
expression: "frame(12.0, MEDIUM, \"2jl<Enter>\")"
---
 traffic-police  Pixel 8 [demo]  com.example.shop  pid 4312  ● LIVE  ✎ 1 rule active          26 requests · 14 KB in · 18 KB out · 1 failed
╭─ Network · all app traffic ────────────────────────────────────────────────────────────────── ━ Receiving 3.9 KB/s   ━ Sending 2.4 KB/s ─╮
│  12 KB/s                                                                                  ┊                                              │
│                                                                                           ┊           ▃▇▇▅▁                              │
│ 6.0 KB/s                                                                                  ┊         ▁▅█████▆▆▆▆▄▁         ▁▁▁▂▂▄▄▃▂▂▂▃▃▂ │
│                                                                                           ▃▄▅▆▇████▇█████████████▇▆▅▅▅▅▆▇███████████████ │
│        0 ┄┄┄┄┄┄┄┄┄┄┄┄┄┄┄┄┄┄┄┄┄┄┄┄┄┄┄┄┄┄┄┄┄┄┄┄┄┄┄┄┄┄┄┄┄┄┄┄┄┄┄┄┄┄┄┄┄┄┄┄┄┄┄┄┄┄┄┄┄┄┄┄┄┄┄┄┄┄┄┄┄┊┄┄┄┄┄┄┄┄┄┄┄┄┄┄┄┄┄┄┄┄┄┄┄┄┄┄┄┄┄┄┄┄┄┄┄┄┄┄┄┄┄┄┄┄┄ │
│                                                                                           🮂▀🮄🮆██████🮆🮅🮅🮅🮆████🮆🮅🮅🮆███🮆🮅🮄🮆██████████████🮆🮄 │
│ 4.0 KB/s                                                                                  ┊    ▔▔▔▔      ▔🮃🮃▔    ▔🮂▔    ▀████🮆🮂  🮂🮃▀▀🮂   │
│                                                                                           ┊                              ▀██🮄            │
│ 8.0 KB/s                                                                                  ┊                               ▔▔             │
│                                                                                           00:00.000            00:05.000                 │
╰──────────────────────────────────────────────────────────────────────────────────────────────────────────────────────────────────────────╯
╭─ Requests 26 ─ Connection ─ Thread ─ Rules ─ Logdawg ─────────────────────╮ ╭─ metrics ─ Response body ─ Request body ── protobuf · 6 B ─╮
│                                                     00:00.000             │ │ 1: 4                                                       │
│ DefaultDispat… 5     ································🮊▏···🮇▌···▌··▕▎···🮈▎ │ │ 2: "ok"                                                    │
│ DefaultDispat… 6     ·································🮈███▎▐·····▉··🮈██▏🮋 │ │                                                            │
│ DefaultDispat… 5     ·································🮇██▊·▕████▊🮊██▎🮈▎·🮊 │ │                                                            │
│ Telemetry-Upl… 4     ···································▎█▍··🮉█▉····▕█▌·· │ │                                                            │
│ glide-source-… 1     ····································🮉▎·············· │ │                                                            │
│ DefaultDispat… 4     ·····································🮊█▌🮇██▋🮊███🮇███ │ │                                                            │
│ Thread-7 1           ···············································▐···· │ │                                                            │
│                                                                           │ ╰────────────────────────────────────────────────────────────╯
│                                                                           │ ╭─ Overview ─ Response ─ Request ─ Call Stack ─ Logs ────────╮
│                                                                           │ │ Request           metrics                                  │
│                                                                           │ │ Method            POST                                     │
│                                                                           │ │ Status            200 OK                                   │
│                                                                           │ │ URL               https://telemetry.example.com/v1/metrics │
│                                                                           │ │ Request type      application/x-protobuf                   │
│                                                                           │ │ Response type     application/x-protobuf                   │
│                                                                           │ │ Response size     6 B                                      │
│                                                                           │ │ Request size      173 B                                    │
│                                                                           │ │ Token             JWT HS256 ·                              │
│                                                                           │ │                   expires 06:10:00.000 (in 59 min) ·       │
│                                                                           │ │                   sub user_1024 ·                          │
│                                                                           │ │                   iss https://auth.example.com  in request │
│                                                                           │ │                   header Authorization · Enter decodes     │
│                                                                           │ │ Initiating thread Telemetry-Uploader  id 71 · call site    │
╰───────────────────────────────────────────────────────────────────────────╯ ╰────────────────────────────────────────────────────────────╯
 ←→ tabs   ↑↓ move   / search   nN next/previous   y copy   w save   Enter fold   p parsed/source   ? help       ⚠ studio inspector present
