---
source: crates/tui/tests/snapshots.rs
expression: "frame(40.0, LARGE, \"2\")"
---
 traffic-police  Pixel 8 [demo]  com.example.deepid_example  pid 4312  ● LIVE  ✎ 1 rule active                                                                                     images: half-blocks
 NETWORK  all app traffic · T switches                                                                                                                        ━ Receiving 2.3 KB/s   ━ Sending 1.7 KB/s
 1.0 MB/s                                         ┊
                            ⢀⠏⠉⠹⡀  ⡜⠉⠉⡆     ⢰⠉⠉⢣  ⢀⠏⠉⠹⡀  ⡜⠉⠉⡆
                          ⡖⠒⠊   ⠑⠒⠚   ⠘⠒⠒⠒⠒⠒⠃   ⠓⠒⠊   ⠑⠒⠚   ⠘⠒⠒⡆
                          ⡇                       ┊            ⢱
                         ⢰⠁                       ┊            ⠈⠉⠉⡇
 512 KB/s                ⢸                        ┊               ⢣
                         ⢸                        ┊               ⢸
                         ⢸                        ┊               ⠘⡄     ⣀⣀⣀
                         ⡇                        ┊                ⠓⠒⠒⠒⠒⠒⠁  ⠉⠉⠙⡄
        0 ⣀⣀⣀⣀⣀⣀⣀⣀⣀⣀⣀⣀⣀⣀⣀⡇⣀⣀⣀⣀⣀⣀⣀⣀⣀⣀⣀⣀⣀⣀⣀⣀⣀⣀⣀⣀⣀⣀⣀⣀⣀⣀⣀⣀⣀⣀⣀⣀⣀⣀⣀⣀⣀⣀⣀⣀⣀⣀⣀⣀⣀⣀⣀⣀⣀⣀⣀⣀⣀⢣⣀⣀⣀⣀⣀⣀⣀⣀⣀⣀⣀⣀⣀⣀⣀⣀⣀⣀⣀⣀⣀⣀⣀⣀⣀⣀⣀⣀⣀⣀⣀⣀⣀⣀⣀⣀⣀⣀⣀⣀⣀⣀⣀⣀⣀⣀⣀⣀⣀⣀⣀⣀⣀⣀⣀⣀⣀⣀⣀⣀⣀⣀⣀⣀⣀⣀⣀⣀⣀⣀⣀⣀⣀⣀⣀⣀⣀⣀⣀⣀⣀⣀⣀⣀⣀⣀⣀⣀⣀⣀⣀⣀⣀⣀⣀⣀⣀⣀⣀⣀⣀⣀⣀⣀⣀⣀⣀⣀⣀⣀⣀⣀⣀⣀⣀⣀⣀⣀⣀
          00:10                          00:15                           00:20                          00:25                           00:30                          00:35
────────────────────────────────────────────────────────────────────────────────────────────────────────────────────────────────────────────────────────────────────────────────────────────────────────
 Connection View   Thread View   Rules
                                   00:10                      00:15                      00:20                       00:25                      00:30                      00:35
DefaultDispatcher-worker-1 11      ······█▏···········████████▋···········█▎··············▐█···························▕████████···································▐████████·······▕█████████████████··
DefaultDispatcher-worker-3 11      ········████████▏·············██████████·······██··············▐██········································▐████████▉·······················▐███████▏·············███
DefaultDispatcher-worker-2 12      █████▍██▋·············▐█▌················███████▌·············▕█████████·······················▐████████▉··························██████████·········▐████████·····
Telemetry-Uploader 12              ·██████···············▐████▋···········▐█████▊················█████▋·············█████████···········███████···········▐████████········▐████████··········███████··
DefaultDispatcher-worker-4 11      ▐██████████████████████████████████████████████████████▎·················▕████████▌··································▐███████▎················██··················▕█
                                   ··············▐▉··············▕██··················▕█████████·······································································································
DownloadWorker-1 1                 ············▐▌█████████████████████████████████▌····················································································································


























 60 requests  5.0 MB in  42 KB out  2 failed  12 dropped  ⚠ studio inspector present                                                                                                            ? help
