---
source: crates/tui/tests/snapshots.rs
expression: "frame(12.0, MEDIUM, \"C<Enter>j\")"
---
 traffic-police  Pixel 8 [demo]  com.example.deepid_example  pid 4312  ● LIVE  ✎ 1 rule active           26 requests · 13 KB in · 18 KB out
╭─ Network · all app traffic ────────────────────────────────────────────────────────────────── ━ Receiving 3.1 KB/s   ━ Sending 1.3 KB/s ─╮
│  16 KB/s                                                                             ┊                                                   │
│                                                                                      ┊                                                   │
│                                                                                      ┊            ┏━┓                                    │
│                                                                                      ┊            ┃ ┃                                    │
│ 8.0 KB/s                                                                             ┊            ┃ ┃                ┏━┓                 │
│                                                                                      ┊            ┃ ┗━┓  ┏┓      ┏━┓ ┃ ┃          ┏━┓    │
│                                                                                      ┊      ┏━┓━┓ ┃   ┗━┓┛┗━━┏━┓━┛ ┗━┓ ┏━━━━━━┓━━┓┃ ┃    │
│                                                                                      ━━┏━━━━┛ ┗━┗━┛ ┏━┛ ┗┓┏━━┛ ┗━━━┛ ┗━┛┓┏━━┓┏┗━━┗┛ ┗━┓━ │
│        0                                                                             ━━┛        ┗━━━┛    ┗┛             ┗┛  ┗┛    ┗━┛ ┗━ │
│                                                                                      00:00.000            00:05.000            00:10.000 │
╰──────────────────────────────────────────────────────────────────────────────────────────────────────────────────────────────────────────╯
╭─ Requests 26 ─ Connection ─ Thread ─ Rules ──────────────────────────────────────────────────────────────────────────────────────────────╮
│ Name                                            ╭ columns ─────────────────────────────╮ Method    Timeline                              │
│ events                                          │ [x] Method                           │ POST                              ▕▏▊           │
│ u_4821.png                                      │ [ ] Host                             │ GET                                ▕█           │
│ monitor                                         │ [ ] Path                             │ GET                                 ▐█▍        ▐│
│ challenge                                       │ [ ] Thread                           │ GET                                 ▕█         ▐│
│ config                                          │ [ ] Start                            │ GET                                  ▏         ▐│
│ ↪ config.json                                   │ [ ] Req size                         │ GET                                  █         ▐│
│ attest                                          │ [ ] Protocol                         │ POST                                 ▐██▉      ▐│
│ metrics                                         │ [ ] Client                           │ POST                                  ▏        ▐│
│ monitor                                         │                                      │ GET                                    █▊      ▐│
│ events                                          │ Enter toggles · Esc closes           │ POST                                   ▐▊      ▐│
│ liveness-model-v3.json                          ╰──────────────────────────────────────╯ GET                                     ▍      ▐│
│ enroll                                              72 B  json      200          2.08 s  POST                                     ██▊   ▐│
│ documents                                           93 B  json      200          515 ms  POST                                     █     ▐│
│ monitor                                            302 B  json      200          1.50 s  GET                                      ▐█▎   ▐│
│ report                                             305 B  html      500          219 ms  POST                                      ▐    ▐│
│ lookup?fields=country,region,carrier               101 B  json      200          507 ms  GET                                        █▎  ▐│
│ monitor                                            302 B  json      200          1.49 s  GET                                        ▕█▊ ▐│
│ status?sessionId=session_15bce3a5a963c9fde0eb…     263 B  json      200          326 ms  GET                                         ▏  ▐│
│ threshold                                                           ···          1.90 s  GET                                         ▐██▐│
│ events                                              17 B  json      200          970 ms  POST                                        ▕█ ▐│
│ status?sessionId=session_15bce3a5a963c9fde0eb…     263 B  json      200          174 ms  GET                                          ▕▏▐│
│ fonts.json                                                          canceled     380 ms  GET                                           ▌▐│
│ monitor                                                             ···          500 ms  GET                                           ▐ │
╰──────────────────────────────────────────────────────────────────────────────────────────────────────────────────────────────────────────╯
 ↑↓ move   Enter toggle   Esc close                                                                              ⚠ studio inspector present
