---
source: crates/tui/tests/snapshots.rs
expression: "frame(40.0, MEDIUM, \"4/<C-u>tag:ok level:loud\")"
---
 traffic-police  Pixel 8 [demo]  com.example.shop  pid 4312  ● LIVE  ✎ 1 rule active         60 requests · 5.0 MB in · 40 KB out · 2 failed
╭─ Network · all app traffic ─────────────────────────────────────────────────────────────────── ━ Receiving 3.9 KB/s   ━ Sending 769 B/s ─╮
│ 1.0 MB/s                  ▁▃▃▃▃▃▃▂▂▂▂▃▃▃▃▃▃▃▃▃▃▂                                                                                         │
│                          ▄███████████████████████▆▂                                                                                      │
│ 512 KB/s                ▆██████████████████████████▆▂                                                                                    │
│          ▁▁▁▁▁▁▁▁▁▁▁▁▁▃██████████████████████████████▇▆▅▅▆▅▄▃▂▁▁▁▁▁▁▁▁▁▁▁▁▁▁▁▁▁▁▁▁▁▁▁▁▁▁▁▁▁▁▁▁▁▁▁▁▁▁▁▁▁▁▁▁▁▁▁▁▁▁▁▁▁▁▁▁▁▁▁▁▁▁▁▁▁▁▁▁▁▁▁▁▁▁ │
│        0 ┄┄┄┄┄┄┄┄┄┄┄┄┄┄┄┄┄┄┄┄┄┄┄┄┄┄┄┄┄┄┄┄┊┄┄┄┄┄┄┄┄┄┄┄┄┄┄┄┄┄┄┄┄┄┄┄┄┄┄┄┄┄┄┄┄┄┄┄┄┄┄┄┄┄┄┄┄┄┄┄┄┄┄┄┄┄┄┄┄┄┄┄┄┄┄┄┄┄┄┄┄┄┄┄┄┄┄┄┄┄┄┄┄┄┄┄┄┄┄┄┄┄┄┄┄┄┄ │
│          ██████🮆🮄▀▀🮅🮆🮆🮅🮄🮄🮆████🮅🮄🮄🮄🮄🮅🮅🮅🮅🮆██████████████████████🮅🮅🮅🮅🮅🮅🮆🮆🮆🮅🮄🮃🮂🮂🮃🮃🮄🮄🮄🮅🮅🮅🮆🮆🮆🮅🮅🮅🮅🮄🮄🮄🮄🮅🮅███🮆🮅🮄▀🮄🮄🮄🮄🮅🮆███████🮆🮅🮄🮅🮆█████🮆🮄▀🮃🮃🮃🮃🮃🮃 │
│ 4.0 KB/s  🮂🮃▀▀🮂           ▔🮂🮂▔           ▔▔      🮂🮄█████████▀                                                 ▔🮂🮃🮃🮃🮂       🮂🮃🮂▔          │
│                                          ┊         ▔▀🮆████🮄▔                                                                             │
│ 8.0 KB/s                                 ┊            ▔▔▔                                                                                │
│              00:10.000            00:15.000             00:20.000            00:25.000            00:30.000            00:35.000         │
╰──────────────────────────────────────────────────────────────────────────────────────────────────────────────────────────────────────────╯
╭─ Log 0 ─ Connection ─ Thread ─ Rules ─ Logdawg ───────────────────────────────────────────────────────────────────────── Pixel 8 [demo] ─╮
│ 165 lines, none passes tag:ok level · / changes the filter                                                                               │
│                                                                                                                                          │
│                                                                                                                                          │
│                                                                                                                                          │
│                                                                                                                                          │
│                                                                                                                                          │
│                                                                                                                                          │
│                                                                                                                                          │
│                                                                                                                                          │
│                                                                                                                                          │
│                                                                                                                                          │
│                                                                                                                                          │
│                                                                                                                                          │
│                                                                                                                                          │
│                                                                                                                                          │
│                                                                                                                                          │
│                                                                                                                                          │
│                                                                                                                                          │
│                                                                                                                                          │
│                                                                                                                                          │
│                                                                                                                                          │
│                                                                                                                                          │
│                                                                                                                                          │
│                                                                                                                                          │
╰─ filter tag:ok level ───────────────────────────────────────────────────────────────────────────────────────────────────────── 0 of 165 ─╯
 log filter ▸ tag:ok level:loud                                          "loud" is not a level: verbose, debug, info, warn, error or assert
