---
source: crates/tui/tests/snapshots.rs
expression: "frame(40.0, MEDIUM, \"3\")"
---
 traffic-police  Pixel 8 [demo]  com.example.deepid_example  pid 4312  ● LIVE  ✎ 1 rule active          60 requests · 5.0 MB in · 42 KB out
╭─ Network · all app traffic ────────────────────────────────────────────────────────────────── ━ Receiving 2.2 KB/s   ━ Sending 1.5 KB/s ─╮
│ 1.0 MB/s                             ┊                                                                                                   │
│                       ┏━━┓┏━━┓   ┏━┓ ┏━━┓┏━━┓                                                                                            │
│                      ┏┛  ┗┛  ┗━━━┛ ┗━┛  ┗┛  ┗━┓                                                                                          │
│                     ┏┛               ┊        ┗┓                                                                                         │
│ 512 KB/s            ┃                ┊         ┗┓                                                                                        │
│                     ┃                ┊          ┃                                                                                        │
│                     ┃                ┊          ┃   ┏━┓                                                                                  │
│                     ┃                ┊          ┗━━━┛ ┗━┓                                                                                │
│        0 ━━━━━━━━━━━┛━━━━━━━━━━━━━━━━━━━━━━━━━━━━━━━━━━━┗━━━━━━━━━━━━━━━━━━━━━━━━━━━━━━━━━━━━━━━━━━━━━━━━━━━━━━━━━━━━━━━━━━━━━━━━━━━━━━━ │
│          00:10.000            00:15.000             00:20.000            00:25.000            00:30.000            00:35.000             │
╰──────────────────────────────────────────────────────────────────────────────────────────────────────────────────────────────────────────╯
╭─ Requests 60 ─ Connection ─ Thread ─ Rules ──────────────────────────────────────────────────────────────────────────────────────────────╮
│      id              name                      hits  state                   Force verdict pass                                          │
│  [x] force-pass      Force verdict pass           1  on                      on                                                          │
│  [ ] enroll-down     Enroll endpoint down         0  off                                                                                 │
│                                                                              Match                                                       │
│                                                                                methods  GET                                              │
│                                                                                host     *.example.app (glob)                             │
│                                                                                path     /api/sdk/sim-binding/status/                     │
│                                                                                                                                          │
│                                                                              Actions                                                     │
│                                                                                replace text  "verdict":"pending"                         │
│                                                                                with          "verdict":"pass"                            │
│                                                                                                                                          │
│                                                                                                                                          │
│                                                                                                                                          │
│                                                                                                                                          │
│                                                                                                                                          │
│                                                                                                                                          │
│                                                                                                                                          │
│                                                                                                                                          │
│                                                                                                                                          │
│                                                                                                                                          │
│                                                                                                                                          │
│                                                                                                                                          │
│ The demo's built-in rules (a project's come from .traffic-police/rules.toml).                                                            │
╰──────────────────────────────────────────────────────────────────────────────────────────────────────────────────────────────────────────╯
 ↑↓ select   Space on/off   Enter edit   Tab next panel   ? help                                                 ⚠ studio inspector present
