---
source: crates/tui/tests/snapshots.rs
expression: "frame(40.0, MEDIUM, \"3j\")"
---
 traffic-police  Pixel 8 [demo]  com.example.shop  pid 4312  ● LIVE  ✎ 1 rule active         60 requests · 5.0 MB in · 40 KB out · 2 failed
╭─ Network · all app traffic ─────────────────────────────────────────────────────────────────── ━ Receiving 3.9 KB/s   ━ Sending 801 B/s ─╮
│ 1.0 MB/s                 ⢀⡠⠤⢄⣀⡠⠤⠤⣀⣀⣀⣀⠤⠤⣀⣀⠤⠤⢄⣀⡠⠤⢄⡀                                                                                        │
│                         ⢠⠇               ┊      ⠈⠑⢤⡀                                                                                     │
│ 512 KB/s               ⢀⡏                ┊         ⠑⣄                                                                                    │
│          ⣀⣀⣀⣀⣀⣀⣀⣀⣀⣀⣀⣀⣀⣀⠞                 ┊          ⠈⠉⠑⠒⠒⠉⠉⠑⠢⣀⣀⣀⣀⣀⣀⣀⣀⣀⣀⣀⣀⣀⣀⣀⣀⣀⣀⣀⣀⣀⣀⣀⣀⣀⣀⣀⣀⣀⣀⣀⣀⣀⣀⣀⣀⣀⣀⣀⣀⣀⣀⣀⣀⣀⣀⣀⣀⣀⣀⣀⣀⣀⣀⣀⣀⣀⣀⣀⣀⣀⣀⣀⣀⣀⣀⣀⣀⣀⣀⣀⣀⣀⣀⣀ │
│        0 ┄┄┄┄┄┄┄┄┄┄┄┄┄┄┄┄┄┄┄┄┄┄┄┄┄┄┄┄┄┄┄┄┊┄┄┄┄┄┄┄┄┄┄┄┄┄┄┄┄┄┄┄┄┄┄┄┄┄┄┄┄┄┄┄┄┄┄┄┄┄┄┄┄┄┄┄┄┄┄┄┄┄┄┄┄┄┄┄┄┄┄┄┄┄┄┄┄┄┄┄┄┄┄┄┄┄┄┄┄┄┄┄┄┄┄┄┄┄┄┄┄┄┄┄┄┄┄ │
│          ⢀⣀    ⣀⠤⠒⠢⢄  ⡠⠤⠒⢄   ⢀⡠⠤⠤⢄⣀⠤⣀⣀⣀⣀⡀┊ ⢀⠤⡀ ⢀⡠⡀          ⢀⡔⠤⣀⣀⣀⡠⠤⣀  ⡠⠤⠒⠒⠒⠒⠢⢄⣀⣀⡠⠤⣀ ⣀⣀⣀⣀⣀⡠⠤⠤⠤⠤⠤⣀⡀  ⢀⠤⠤⠤⠤⣀⣀⡠⠤⢄⡀      ⢀⠤⠤⢄⣀     ⣀⠔⠒⠤⠤⠒⠒⠒⠤ │
│ 4.0 KB/s ⠁ ⠳⡀⡠⠊     ⠑⠊    ⠳⣀⠔⠁          ⠈⠒⠔⠁ ⠈⠒⠁ ⠈⠢⡀       ⢀⡞        ⠑⠉             ⠉            ⠈⠑⠒⠁         ⠈⠢⠤⠒⠒⠒⠊⠁    ⠉⠒⠤⠔⠊          │
│             ⠈                            ┊         ⠘⠦⡀  ⣀⣀⡀⡼                                                                             │
│ 8.0 KB/s                                 ┊           ⠈⠑⠊  ⠈                                                                              │
│              00:10.000            00:15.000             00:20.000            00:25.000            00:30.000            00:35.000         │
╰──────────────────────────────────────────────────────────────────────────────────────────────────────────────────────────────────────────╯
╭─ Requests 60 ─ Connection ─ Thread ─ Rules ──────────────────────────────────────────────────────────────────────────────────────────────╮
│      id              name                      hits  state                   Checkout endpoint down                                      │
│  [x] force-paid      Force payment captured       1  on                      off                                                         │
│  [ ] checkout-down   Checkout endpoint down       0  off                                                                                 │
│                                                                              Match                                                       │
│                                                                                methods  POST                                             │
│                                                                                host     any                                              │
│                                                                                path     /api/v1/checkout                                 │
│                                                                                                                                          │
│                                                                              Actions                                                     │
│                                                                                fail with timeout                                         │
│                                                                                                                                          │
│                                                                                                                                          │
│                                                                                                                                          │
│                                                                                                                                          │
│                                                                                                                                          │
│                                                                                                                                          │
│                                                                                                                                          │
│                                                                                                                                          │
│                                                                                                                                          │
│                                                                                                                                          │
│                                                                                                                                          │
│                                                                                                                                          │
│                                                                                                                                          │
│ The demo's built-in rules (a project's come from .traffic-police/rules.toml).                                                            │
╰──────────────────────────────────────────────────────────────────────────────────────────────────────────────────────────────────────────╯
 ↑↓ select   Space on/off   Enter edit   Tab next panel   ? help                                                 ⚠ studio inspector present
