---
source: crates/tui/tests/snapshots.rs
expression: "frame(40.0, LARGE, \"2\")"
---
 traffic-police  Pixel 8 [demo]  com.example.shop  pid 4312  ● LIVE  ✎ 1 rule active                                                        60 requests · 5.0 MB in · 40 KB out · 2 failed · 12 dropped
╭─ Network · all app traffic ─────────────────────────────────────────────────────────────────────────────────────────────────────────────────────────────── ━ Receiving 3.9 KB/s   ━ Sending 806 B/s ─╮
│ 1.0 MB/s                          ⣀⠤⠤⣀  ⣀⡠⠤⣀⡀    ⢀⡠⠤⢄⡀ ⢀⣀⠤⢄⣀  ⣀⠤⠤⣀                                                                                                                                   │
│                                 ⡴⠉    ⠉⠉    ⠈⠉⠉⠉⠉⠁   ⠈⠉⠁┊   ⠉⠉    ⠉⠑⠤⣀                                                                                                                               │
│ 512 KB/s                       ⣸⠁                       ┊             ⠑⢄                                                                                                                             │
│                               ⣰⠃                        ┊              ⠈⠣⣀       ⣀⣀                                                                                                                  │
│          ⣀⣀⣀⣀⣀⣀⣀⣀⣀⣀⣀⣀⣀⣀⣀⣀⣀⣀⣀⣀⡰⠃                         ┊                 ⠉⠉⠉⠉⠉⠉⠉  ⠉⠢⢄⣀⣀⣀⣀⣀⣀⣀⣀⣀⣀⣀⣀⣀⣀⣀⣀⣀⣀⣀⣀⣀⣀⣀⣀⣀⣀⣀⣀⣀⣀⣀⣀⣀⣀⣀⣀⣀⣀⣀⣀⣀⣀⣀⣀⣀⣀⣀⣀⣀⣀⣀⣀⣀⣀⣀⣀⣀⣀⣀⣀⣀⣀⣀⣀⣀⣀⣀⣀⣀⣀⣀⣀⣀⣀⣀⣀⣀⣀⣀⣀⣀⣀⣀⣀⣀⣀⣀⣀⣀⣀⣀⣀⣀⣀⣀⣀⣀⣀⣀⣀⣀⣀⣀⣀⣀⣀⣀⣀⣀⣀ │
│        0 ┄┄┄┄┄┄┄┄┄┄┄┄┄┄┄┄┄┄┄┄┄┄┄┄┄┄┄┄┄┄┄┄┄┄┄┄┄┄┄┄┄┄┄┄┄┄┄┊┄┄┄┄┄┄┄┄┄┄┄┄┄┄┄┄┄┄┄┄┄┄┄┄┄┄┄┄┄┄┄┄┄┄┄┄┄┄┄┄┄┄┄┄┄┄┄┄┄┄┄┄┄┄┄┄┄┄┄┄┄┄┄┄┄┄┄┄┄┄┄┄┄┄┄┄┄┄┄┄┄┄┄┄┄┄┄┄┄┄┄┄┄┄┄┄┄┄┄┄┄┄┄┄┄┄┄┄┄┄┄┄┄┄┄┄┄┄┄┄┄┄┄┄┄┄┄┄┄┄┄┄┄┄┄┄┄┄┄ │
│           ⢀       ⢀⡠⠤⠤⠤⠤⡀   ⢀⡠⠤⠤⠤⡀      ⣀⠤⠤⢄⣀⣀⣀⣀⣀⣀      ┊   ⡠⣀    ⢀⣀                 ⡠⠢⢄⡀    ⢀⣀⣀     ⣀⠤⠤⠒⠒⠒⠒⠒⠤⣀⣀⡀ ⢀⣀⣀⣀⡀    ⣀    ⣀⣀⣀⣀⣀⣀⣀⣀⣀⡀      ⣀⠤⠤⠤⠤⣀⣀⣀⣀⣀⣀⣀⣀⡀           ⣀⠤⣀⣀⡀         ⢀⠤⠒⠢⢄⣀⡠⠔⠒⠒⠢⠤⠤ │
│          ⠊⠁⠑⢄   ⡠⠒⠁     ⠈⠒⠤⠔⠁    ⠈⢦  ⢀⠔⠉          ⠉⠉⠉⠉⠉⠑⢄⣀⡠⠊  ⠑⢄⡠⠒⠁ ⠑⢄              ⡼⠁  ⠈⠉⠉⠉⠉⠁  ⠉⠢⠤⠒⠉           ⠈⠉⠁   ⠈⠑⠒⠉⠉ ⠉⠉⠉⠉         ⠈⠉⠒⠢⠤⠔⠊             ⠈⠒⢄ ⢀⡠⠤⠤⠤⠤⠔⠉    ⠈⠉⠑⠒⠤⣀⣀⣀⠤⠒⠁             │
│ 4.0 KB/s    ⠈⠣⠤⠊                   ⠑⠊⠁                  ┊             ⠑⢄           ⣰⠃                                                                           ⠉⠁                                   │
│                                                         ┊               ⠑⠢⣀  ⢀⡠⠔⠤⢄⡰⠃                                                                                                                 │
│ 8.0 KB/s                                                ┊                  ⠉⠉⠁                                                                                                                       │
│                00:10.000                      00:15.000                       00:20.000                      00:25.000                      00:30.000                      00:35.000                 │
╰──────────────────────────────────────────────────────────────────────────────────────────────────────────────────────────────────────────────────────────────────────────────────────────────────────╯
╭─ Requests 60 ─ Connection ─ Thread ─ Rules ──────────────────────────────────────────────────────────────────────────────────────────────────────────────────────────────────────────────────────────╮
│                                    00:10.000                 00:15.000                  00:20.000                  00:25.000                  00:30.000                  00:35.000                   │
│ DefaultDispatcher-worker-1 11      ······▐█▌·········▕██████████···········████████········▕█▏························█████████··································████████▉·········▐████████████████ │
│ DefaultDispatcher-worker-2 12      ████▉···████████▏·······▐█··············▕█···················▕██████▊························▕█████████····························█████████▎······▐██████▋······ │
│ DefaultDispatcher-worker-3 11      ▐██·····▐█▊··················▐████████··········▕██·············▕█▌·····································▐███████▏·······················▕████████▉············▐██ │
│ Telemetry-Uploader 13              ███▎··············██████···········▐██████▎·········▕███████············██████············███████··········████████▎·········████████▏·······▕████████·········██ │
│ DefaultDispatcher-worker-4 10      ▐█████████████████████████████████████████████████████▎·················▐███████···································▐███████▋·················▐█▏················· │
│                                    ················▐█▏·············▐▍·················█████████▏···································································································· │
│ DownloadWorker-1 1                 ············▐▍████████████████████████████████▋·················································································································· │
│                                                                                                                                                                                                      │
│                                                                                                                                                                                                      │
│                                                                                                                                                                                                      │
│                                                                                                                                                                                                      │
│                                                                                                                                                                                                      │
│                                                                                                                                                                                                      │
│                                                                                                                                                                                                      │
│                                                                                                                                                                                                      │
│                                                                                                                                                                                                      │
│                                                                                                                                                                                                      │
│                                                                                                                                                                                                      │
│                                                                                                                                                                                                      │
│                                                                                                                                                                                                      │
│                                                                                                                                                                                                      │
│                                                                                                                                                                                                      │
│                                                                                                                                                                                                      │
│                                                                                                                                                                                                      │
│                                                                                                                                                                                                      │
│                                                                                                                                                                                                      │
│                                                                                                                                                                                                      │
│                                                                                                                                                                                                      │
│                                                                                                                                                                                                      │
│                                                                                                                                                                                                      │
│                                                                                                                                                                                                      │
╰──────────────────────────────────────────────────────────────────────────────────────────────────────────────────────────────────────────────────────────────────────────────────────────────────────╯
 ↑↓ threads   ←→ requests   Enter open   Space pause   Tab next panel   ? help                                                                                               ⚠ studio inspector present
