---
source: crates/tui/tests/snapshots.rs
expression: "detail(40.0, MEDIUM, modified(), \"lo\")"
---
 traffic-police  Pixel 8 [demo]  com.example.deepid_example  pid 4312  ● LIVE  ✎ 1 rule active          60 requests · 5.0 MB in · 42 KB out
╭─ Network · all app traffic ────────────────────────────────────────────────────────────────── ━ Receiving 2.2 KB/s   ━ Sending 1.5 KB/s ─╮
│ 1.0 MB/s                             ┊                                                                                                   │
│                       ┏━━┓┏━━┓   ┏━┓ ┏━━┓┏━━┓                                                                                            │
│                      ┏┛  ┗┛  ┗━━━┛ ┗━┛  ┗┛  ┗━┓                                                                                          │
│                     ┏┛               ┊        ┗┓                                                                                         │
│ 512 KB/s            ┃                ┊         ┗┓                                                                                        │
│                     ┃                ┊          ┃                                                                                        │
│                     ┃                ┊          ┃   ┏━┓                                                                                  │
│                     ┃                ┊          ┗━━━┛ ┗━┓                                                                                │
│        0 ━━━━━━━━━━━┛━━━━━━━━━━━━━━━━━━━━━━━━━━━━━━━━━━━┗━━━━━━━━━━━━━━━━━━━━━━━━━━━━━━━━━━━━━━━━━━━━━━━━━━━━━━━━━━━━━━━━━━━━━━━━━━━━━━━ │
│          00:10.000            00:15.000             00:20.000            00:25.000            00:30.000            00:35.000             │
╰──────────────────────────────────────────────────────────────────────────────────────────────────────────────────────────────────────────╯
╭─ Requests 60 ─ Connection ─ Thread ─ Rules ───────────────────────────────╮╭─ status?sessionId=session_15… ────────────────────────── ✕ ─╮
│ Name                    Size Type      Status         Time Timeline       ││ {                                                           │
│ monitor                302 B json      200          1.49 s ▌              ││   "ok": true,                                               │
│ status?sessionId=…     263 B json      200          326 ms                ││   "sessionId": "session_15bce3a5a963c9fde0ebe700e9d76981",  │
│ threshold                              failed       10.0 s ████▊          ││   "deepid": "-fWdPR-silxdhEdA5s951RnzPITRjkkelext-Qs",      │
│ events                  17 B json      200          970 ms ▏              ││   "mobile": null,                                           │
│ status?sessionId=…     263 B json      200          174 ms ▏              ││   "status": "complete",                                     │
│ fonts.json                             canceled     380 ms ▏              ││   "verdict": "pending",                                     │
│ monitor                302 B json      200          1.44 s ▕▍             ││   "riskScore": 0,                                           │
│ face-liveness-v3.…    5.0 MB binary    200          6.38 s  ███          ▐│╰─────────────────────────────────────────────────────────────╯
│ status?sessionId=…     263 B json      200          284 ms  ▏            ▐│╭─ Overview ─ Response ─ Request ─ Call Stack ────────────────╮
│ monitor                302 B json      200          1.56 s  ▐▍           ▐││ HTTP/2 200 OK                                               │
│ ! events                17 B json      200          971 ms  ▕▍           ▐││ ✎ showing the ORIGINAL response; rule "Force verdict pass" c│
│ status?sessionId=…     263 B json      200          358 ms  ▕▏           ▐││                                                             │
│ monitor                302 B json      200          1.72 s   ▐▍          ▐││ Headers (6)                                                 │
│ status?sessionId=…     263 B json      200          381 ms   ▏           ▐││ date: Tue, 29 Sep 2026 05:10:21 GMT                         │
│ status?sessionId=…     263 B json      200          225 ms    ▏          ▐││ content-type: application/json; charset=utf-8               │
│ events                  17 B json      200          1.13 s    ▌           ││ content-length: 264                                         │
│ monitor                302 B json      200          1.38 s    ▐▏          ││ cache-control: no-cache, no-store                           │
│ status?sessionId=…     263 B json      200          259 ms     ▏          ││ x-request-id: 20924730-8f2e-41f6-a5fb-d9b5d4fea81d          │
│ monitor                302 B json      200          1.67 s     ▐▎         ││ server: envoy                                               │
│ status?sessionId=…     263 B json      200          158 ms     ▏          ││                                                             │
│ events                  17 B json      200          995 ms      ▌         ││ Body  JSON, 264 B  [parsed · p: source]                     │
│ monitor                302 B json      200          1.65 s      ▐▏        ││ {                                                           │
│ ✎ status?sessionI…     264 B json      200          327 ms      ▏         ││   "ok": true,                                               │
╰───────────────────────────────────────────────────────────────────────────╯╰─────────────────────────────────────────────────────────────╯
 ←→ tabs   ↑↓ move   / search   nN next/previous   y copy   w save   Enter fold   p parsed/source   ? help    showing the original response
