---
source: crates/tui/tests/snapshots.rs
expression: "press(&mut app, SMALL, \"\")"
---
 traffic-police   ● FAILED  the capture runtime in com.example.app speaks protocol 2; this traffic-p
 NETWORK  captured requests (whole-app data not available) · T  ━ Receiving 0 B/s   ━ Sending 0 B/s
 1.0 KB/s


  512 B/s

        0 ⣀⣀⣀⣀⣀⣀⣀⣀⣀⣀⣀⣀⣀⣀⣀⣀⣀⣀⣀⣀⣀⣀⣀⣀⣀⣀⣀⣀⣀⣀⣀⣀⣀⣀⣀⣀⣀⣀⣀⣀⣀⣀⣀⣀⣀⣀⣀⣀⣀⣀⣀⣀⣀⣀⣀⣀⣀⣀⣀⣀⣀⣀⣀⣀⣀⣀⣀⣀⣀⣀⣀⣀⣀⣀⣀⣀⣀⣀⣀⣀⣀⣀⣀⣀⣀⣀⣀⣀⣀
          1:36:10.000                  1:36:20.000                   1:36:30.000
────────────────────────────────────────────────────────────────────────────────────────────────────
 Connection View   Thread View   Rules                                                       0 rows
Name                                  Size Type      Status         Time Timeline

 the capture runtime in com.example.app speaks protocol 2; this traffic-police supports 1. The host
 is older: update traffic-police.

 No requests yet. Traffic appears here as the app makes calls.












 0 requests  0 B in  0 B out  0 failed  0 dropped                                           ? help
