---
source: crates/tui/tests/snapshots.rs
expression: "detail(40.0, MEDIUM, path_ends(\".bin\"), \"l\")"
---
 traffic-police  Pixel 8 [demo]  com.example.shop  pid 4312  ● LIVE  ✎ 1 rule active         60 requests · 5.0 MB in · 40 KB out · 2 failed
╭─ Network · all app traffic ─────────────────────────────────────────────────────────────────── ━ Receiving 3.9 KB/s   ━ Sending 769 B/s ─╮
│ 1.0 MB/s                  ▁▃▃▃▃▃▃▂▂▂▂▃▃▃▃▃▃▃▃▃▃▂                                                                                         │
│                          ▄███████████████████████▆▂                                                                                      │
│ 512 KB/s                ▆██████████████████████████▆▂                                                                                    │
│          ▁▁▁▁▁▁▁▁▁▁▁▁▁▃██████████████████████████████▇▆▅▅▆▅▄▃▂▁▁▁▁▁▁▁▁▁▁▁▁▁▁▁▁▁▁▁▁▁▁▁▁▁▁▁▁▁▁▁▁▁▁▁▁▁▁▁▁▁▁▁▁▁▁▁▁▁▁▁▁▁▁▁▁▁▁▁▁▁▁▁▁▁▁▁▁▁▁▁▁▁▁ │
│        0 ┄┄┄┄┄┄┄┄┄┄┄┄┄┄┄┄┄┄┄┄┄┄┄┄┄┄┄┄┄┄┄┄┊┄┄┄┄┄┄┄┄┄┄┄┄┄┄┄┄┄┄┄┄┄┄┄┄┄┄┄┄┄┄┄┄┄┄┄┄┄┄┄┄┄┄┄┄┄┄┄┄┄┄┄┄┄┄┄┄┄┄┄┄┄┄┄┄┄┄┄┄┄┄┄┄┄┄┄┄┄┄┄┄┄┄┄┄┄┄┄┄┄┄┄┄┄┄ │
│          ██████🮆🮄▀▀🮅🮆🮆🮅🮄🮄🮆████🮅🮄🮄🮄🮄🮅🮅🮅🮅🮆██████████████████████🮅🮅🮅🮅🮅🮅🮆🮆🮆🮅🮄🮃🮂🮂🮃🮃🮄🮄🮄🮅🮅🮅🮆🮆🮆🮅🮅🮅🮅🮄🮄🮄🮄🮅🮅███🮆🮅🮄▀🮄🮄🮄🮄🮅🮆███████🮆🮅🮄🮅🮆█████🮆🮄▀🮃🮃🮃🮃🮃🮃 │
│ 4.0 KB/s  🮂🮃▀▀🮂           ▔🮂🮂▔           ▔▔      🮂🮄█████████▀                                                 ▔🮂🮃🮃🮃🮂       🮂🮃🮂▔          │
│                                          ┊         ▔▀🮆████🮄▔                                                                             │
│ 8.0 KB/s                                 ┊            ▔▔▔                                                                                │
│              00:10.000            00:15.000             00:20.000            00:25.000            00:30.000            00:35.000         │
╰──────────────────────────────────────────────────────────────────────────────────────────────────────────────────────────────────────────╯
╭─ Requests 60 ─ Connection ─ Thread ─ Rules ───────────────────────────────╮ ╭─ catalog-offline-v12.bin ─ Response body ─ Request body ───╮
│ Name                  Size  Type      Status         Time   Timeline      │ │ 00000000  7c d2 0c 6e b7 09 17 23  41 21 d7 45 0a 98 8f 75 │
│ user_1024.png       4.9 KB  png       200          494 ms                 │ │   ||..n...#A!.E...u|                                       │
│ notifications        306 B  json      200          1.33 s                ▐│ │ 00000010  c1 7f 43 5d cb a1 05 14  c9 c9 42 5b c6 f5 d6 81 │
│ products?catego…    1.0 KB  json      200          431 ms                ▐│ │   |..C]......B[....|                                       │
│ config                 0 B            302           61 ms                ▐│ │ 00000020  36 1d 29 31 38 94 96 eb  62 f8 61 32 81 81 f7 26 │
│ ↪ config.json        103 B  json      200          315 ms                ▐│ │   |6.)18...b.a2...&|                                       │
│ items                149 B  json      200          2.79 s                ▐│ │ 00000030  d5 3d ad 2e b8 ff 6c 4c  15 da da b5 7a d2 a0 17 │
│ metrics                6 B  protobuf  200          338 ms                ▐│ │   |.=....lL....z...|                                       │
│ notifications        306 B  json      200          1.65 s                ▐│ ╰────────────────────────────────────────────────────────────╯
│ events                17 B  json      200          1.09 s                ▐│ ╭─ Overview ─ Response ─ Request ─ Call Stack ───────────────╮
│ promo-banner-v3…     148 B  json      404          277 ms                 │ │ HTTP/2 200 OK                                              │
│ reviews               86 B  json      200          516 ms                 │ │                                                            │
│ notifications        306 B  json      200          1.72 s                 │ │ Headers (6)                                                │
│ checkout              99 B  json      200          2.33 s                 │ │ date: Tue, 29 Sep 2026 05:10:12 GMT                        │
│ cancel               305 B  html      500          222 ms                 │ │ content-type: application/octet-stream                     │
│ lookup?fields=c…     120 B  json      200          291 ms                 │ │ content-length: 5242880                                    │
│ notifications        306 B  json      200          1.42 s   ▍             │ │ accept-ranges: bytes                                       │
│ events                17 B  json      200          958 ms   ▎             │ │ etag: "c12-5242880"                                        │
│ status?orderId=…     146 B  json      200          329 ms   ▏             │ │ cache-control: public, max-age=604800                      │
│ recommendations…                      failed       10.0 s   ████▍         │ │                                                            │
│ fonts.json                            canceled     380 ms   ▏             │ │ Body  binary, 5.0 MB  [parsed · p: source]                 │
│ notifications        306 B  json      200          1.50 s   ▐▎            │ │ 00000000  7c d2 0c 6e b7 09 17 23  41 21 d7 45 0a 98 8f 75 │
│ status?orderId=…     146 B  json      200          421 ms   ▏             │ │   ||..n...#A!.E...u|                                       │
│ catalog-offline…    5.0 MB  binary    200          6.38 s    ▏█▊          │ │ 00000010  c1 7f 43 5d cb a1 05 14  c9 c9 42 5b c6 f5 d6 81 │
╰───────────────────────────────────────────────────────────────────────────╯ ╰────────────────────────────────────────────────────────────╯
 ←→ tabs   ↑↓ move   / search   nN next/previous   y copy   w save   Enter fold   p parsed/source   ? help       ⚠ studio inspector present
