---
source: crates/tui/tests/snapshots.rs
expression: "frame(40.0, MEDIUM, \"c\")"
---
 traffic-police  Pixel 8 [demo]  com.example.deepid_example  pid 4312  ● LIVE  ✎ 1 rule active          60 requests · 5.0 MB in · 42 KB out
╭─ Network · all app traffic ────────────────────────────────────────────────────────────────── ━ Receiving 2.2 KB/s   ━ Sending 1.5 KB/s ─╮
│ 1.0 MB/s                             ┊                                                                                                   │
│                       ┏━━┓┏━━┓   ┏━┓ ┏━━┓┏━━┓                                                                                            │
│                      ┏┛  ┗┛  ┗━━━┛ ┗━┛  ┗┛  ┗━┓                                                                                          │
│                     ┏┛               ┊        ┗┓                                                                                         │
│ 512 KB/s            ┃                ┊         ┗┓                                                                                        │
│                     ┃                ┊          ┃                                                                                        │
│                     ┃                ┊          ┃   ┏━┓                                                                                  │
│                     ┃                ┊          ┗━━━┛ ┗━┓                                                                                │
│        0 ━━━━━━━━━━━┛━━━━━━━━━━━━━━━━━━━━━━━━━━━━━━━━━━━┗━━━━━━━━━━━━━━━━━━━━━━━━━━━━━━━━━━━━━━━━━━━━━━━━━━━━━━━━━━━━━━━━━━━━━━━━━━━━━━━ │
│          00:10.000            00:15.000             00:20.000            00:25.000            00:30.000            00:35.000             │
╰──────────────────────────────────────────────────────────────────────────────────────────────────────────────────────────────────────────╯
╭─ Requests 57 ─ Connection ─ Thread ─ Rules ────────────────────────────────────────────────────────────────────────── repeats collapsed ─╮
│ Name                                                     Size  Type      Status         Time   Timeline                                  │
│ monitor                                                 302 B  json      200          1.38 s             ██▏                             │
│ status?sessionId=session_15bce3a5a963c9fde0ebe700e…     263 B  json      200          259 ms              ▕▏                             │
│ monitor                                                 302 B  json      200          1.67 s                ██▎                          │
│ status?sessionId=session_15bce3a5a963c9fde0ebe700e…     263 B  json      200          158 ms                ▕▏                           │
│ events                                                   17 B  json      200          995 ms                  ▐▉                         │
│ monitor                                                 302 B  json      200          1.65 s                  ▕█▉                        │
│ ✎ status?sessionId=session_15bce3a5a963c9fde0ebe70…     264 B  json      200          327 ms                  ▕█                         │
│ monitor                                                 302 B  json      200          1.60 s                     ▐█▋                     │
│ events                                                   17 B  json      200          1.49 s                       ▐█▍                   │
│ ▸ monitor ×2                                            302 B  json      200          1.71 s                        ██▕██▎               │
│ events                                                   17 B  json      200          1.19 s                            █▉               │
│ ▸ monitor ×2                                            302 B  json      200          1.42 s                             ▐██▐█▍          │
│ events                                                   17 B  json      200          1.42 s                                ▕█▊          │
│ monitor                                                 302 B  json      200          1.57 s                                   ██▎      ▐│
│ init                                                    316 B  json      200          1.80 s                                   ▕██▎     ▐│
│ events                                                   17 B  json      200          1.46 s                                     ██▏    ▐│
│ monitor                                                 302 B  json      200          1.41 s                                     ▕█▊    ▐│
│ challenge                                               144 B  json      200          247 ms                                      ▏     ▐│
│ attest                                                  180 B  json      200          3.01 s                                       ████▍▐│
│ monitor                                                 302 B  json      200          1.56 s                                        ▐█▊ ▐│
│ events                                                   17 B  json      200          1.22 s                                         ▕█▍▐│
│ monitor                                                                  ···          500 ms                                           ▐▐│
│ enroll                                                                   ···          228 ms                                           ▕ │
╰──────────────────────────────────────────────────────────────────────────────────────────────────────────────────────────────────────────╯
 Enter open   / filter   Space pause   m pin   y copy   e export   c collapse   s sort   ? help                   collapsing repeated calls
