---
source: crates/tui/tests/snapshots.rs
expression: "press(&mut reattached, MEDIUM, \"\")"
---
 traffic-police  Pixel 8 [demo]  com.example.deepid_example  pid 4498  ● LIVE  ✎ 1 rule active          49 requests · 5.0 MB in · 33 KB out
╭─ Network · all app traffic ────────────────────────────────────────────────────────────────── ━ Receiving 3.6 KB/s   ━ Sending 1.5 KB/s ─╮
│ 1.0 MB/s ┊                                                                     ┊              ┊       ┊                                  │
│          ┊                                                      ┏━━┓┏━━┓   ┏━┓ ┏━━┓┏━━┓       ┊       ┊                                  │
│          ┊                                                     ┏┛  ┗┛  ┗━━━┛ ┗━┛  ┗┛  ┗━┓     ┊       ┊                                  │
│          ┊                                                    ┏┛               ┊        ┗┓    ┊       ┊                                  │
│ 512 KB/s ┊                                                    ┃                ┊         ┗┓   ┊       ┊                                  │
│          ┊                                                    ┃                ┊          ┃   ┊       ┊                                  │
│          ┊                                                    ┃                ┊          ┃   ┏━┓     ┊                                  │
│          ┊                                                    ┃                ┊          ┗━┓ ┃ ┗━┓   ┊                                  │
│        0 ━━━━━━━━━━━━━━━━━━━━━━━━━━━━━━━━━━━━━━━━━━━━━━━━━━━━━┛━━━━━━━━━━━━━━━━━━━━━━━━━━━━━┗━┛━━━┗━━━━━━━━━━━━━━━━━━━━━━━━━━━━━━━━━━━━━ │
│          00:00.000            00:05.000            00:10.000            00:15.000             00:20.000            00:25.000             │
╰──────────────────────────────────────────────────────────────────────────────────────────────────────────────────────────────────────────╯
╭─ Requests 49 ─ Connection ─ Thread ─ Rules ──────────────────────────────────────────────────────────────────────────────────────────────╮
│ Name                                                       Size Type      Status         Time Timeline                                   │
│ face-liveness-v3.tflite                                  5.0 MB binary    200          6.38 s                  █████████▏                │
│ status?sessionId=session_15bce3a5a963c9fde0ebe700e9d…     263 B json      200          284 ms                  ▐▏                        │
│ monitor                                                   302 B json      200          1.56 s                   ▕██▏                     │
│ ! events                                                   17 B json      200          971 ms                    ▕█▏                     │
│ status?sessionId=session_15bce3a5a963c9fde0ebe700e9d…     263 B json      200          358 ms                    ▕▎                      │
│ monitor                                                   302 B json      200          1.72 s                      ▕██▏                  │
│ status?sessionId=session_15bce3a5a963c9fde0ebe700e9d…     263 B json      200          381 ms                      ▕▍                    │
│ status?sessionId=session_15bce3a5a963c9fde0ebe700e9d…     263 B json      200          225 ms                         ▎                  │
│ events                                                     17 B json      200          1.13 s                         █▊                 │
│ monitor                                                   302 B json      200          1.38 s                         ▐█▍                │
│ status?sessionId=session_15bce3a5a963c9fde0ebe700e9d…     263 B json      200          259 ms                           █                │
│ monitor                                                                   detached     500 ms                            █               │
│ token                                                     391 B json      200          539 ms                                █▍         ▐│
│ init                                                      316 B json      200          2.20 s                                 ▕██▉      ▐│
│ monitor                                                   302 B json      200          1.64 s                                 ▕███      ▐│
│ events                                                     17 B json      200          1.52 s                                  ▕▏█      ▐│
│ monitor                                                   302 B json      200          1.75 s                                    ▕██▏   ▐│
│ challenge                                                 144 B json      200          383 ms                                     ▌     ▐│
│ attest                                                    180 B json      200          3.13 s                                      ████▌▐│
│ monitor                                                   302 B json      200          1.61 s                                       ▐█▊ ▐│
│ events                                                     17 B json      200          1.32 s                                        █▉ ▐│
│ monitor                                                                   ···          500 ms                                          █▐│
│ enroll                                                                    ···           96 ms                                          ▕ │
╰──────────────────────────────────────────────────────────────────────────────────────────────────────────────────────────────────────────╯
 Enter open   / filter   Space pause   m pin   y copy   e export   c collapse   s sort   ? help                  ⚠ studio inspector present
