---
source: crates/tui/tests/snapshots.rs
expression: "detail(12.0, MEDIUM, |t| t.state.is_open(), \"\")"
---
 traffic-police  Pixel 8 [demo]  com.example.deepid_example  pid 4312  ● LIVE  ✎ 1 rule active                         images: half-blocks
 NETWORK  all app traffic · T switches                                                            ━ Receiving 3.3 KB/s   ━ Sending 1.4 KB/s
  16 KB/s                                                                               ┊
                                                                                        ┊            ┏━┓
                                                                                        ┊            ┃ ┃
                                                                                        ┊            ┃ ┃                 ┏┓
 8.0 KB/s                                                                               ┊            ┃ ┗┓           ┏━┓ ┏┛┃           ┏┓
                                                                                        ┊      ┏━━┓  ┃  ┗┏━┓━━┓┏┏━┓━┛ ┃ ┃ ┗┏━━━━━┓ ┏━┏┛┗┓
                                                                                        ━━┏┓┏━━┛━━┗┓━┛ ┏━┛ ┗┓┏┗┛┛ ┗━┓ ┗━┛┓┏┛┏━━┓ ┗━┛━┛┓┏┗━┓
        0                                                                               ━━┛┗┛      ┗━━━┛    ┗┛      ┗━┛  ┗┛┗┛  ┗━┛    ┗┛  ┗
                                                                                        00:00.000            00:05.000
────────────────────────────────────────────────────────────────────────────────────────────────────────────────────────────────────────────
 Connection View   Thread View   Rules                               26 rows │  Overview   Response   Request   Call Stack               ✕
Name                      Size Type      Status         Time Timeline        │
token                    391 B json      200          513 ms          █     ▐│  waiting for the response…
init                     316 B json      200          2.01 s          ▕▊    ▐│
monitor                  302 B json      200          1.58 s          ▕▌    ▐│
events                    17 B json      200          1.45 s           █    ▐│
u_4821.png              4.5 KB png       200          476 ms           ▏    ▐│
monitor                  302 B json      200          1.53 s           ▕▌   ▐│
challenge                144 B json      200          386 ms           ▕    ▐│
config                     0 B           302           61 ms            ▏   ▐│
↪ config.json            106 B json      200          195 ms            ▏   ▐│
attest                   180 B json      200          2.75 s            █▌  ▐│ ────────────────────────────────────────────────────────────
metrics                    6 B protobuf  200          224 ms            ▏   ▐│ Request           threshold
monitor                  302 B json      200          1.41 s            ▕▌  ▐│ Method            GET
events                    17 B json      200          1.14 s            ▕▌  ▐│ Status            ···
liveness-model-v3.j…     150 B json      404          346 ms             █  ▐│ URL               https://deepid.example.app/api/sdk/livenes
enroll                    72 B json      200          2.08 s             ▐█ ▐│ Request type      —
documents                 93 B json      200          515 ms             ▕  ▐│ Response type     —
monitor                  302 B json      200          1.50 s             ▕▌ ▐│ Response size     —
report                   305 B html      500          219 ms              ▏ ▐│ Initiating thread DefaultDispatcher-worker-4  id 61 · call s
lookup?fields=count…     101 B json      200          507 ms              █ ▐│ Client            OkHttp 4.12.0
monitor                  302 B json      200          1.49 s              ▕▌▐│ Protocol          h2
status?sessionId=se…     263 B json      200          326 ms              ▕ ▐│ Remote address    34.93.12.207:443  connection c-2 (reused)
threshold                                ···          1.90 s               █▐│ TLS               TLSv1.3 · TLS_AES_128_GCM_SHA256
events                    17 B json      200          970 ms               ▌▐│ Certificate       CN=*.example.app · issued by WE1
status?sessionId=se…     263 B json      200          174 ms               ▏▐│ Started           00:10.100  (05:10:10.100)
fonts.json                               canceled     380 ms               ▏ │ Duration          1.90 s so far
 26 requests  13 KB in  18 KB out  1 failed  0 dropped  ⚠ studio inspector present                                                  ? help
