---
source: crates/tui/tests/snapshots.rs
expression: "detail(12.0, MEDIUM, |t| t.hop > 0, \"\")"
---
 traffic-police  Pixel 8 [demo]  com.example.deepid_example  pid 4312  ● LIVE  ✎ 1 rule active                         images: half-blocks
 NETWORK  all app traffic · T switches                                                            ━ Receiving 2.9 KB/s   ━ Sending 1.4 KB/s
  16 KB/s                                                                              ┊
                                                                                       ┊            ⢠⠤⡀
                                                                                       ┊            ⢸ ⡇
                                                                                       ┊            ⡎ ⢣                 ⡤⡄
 8.0 KB/s                                                                              ┊            ⡇ ⢸            ⢀⣀⡀ ⢸ ⢣
                                                                                       ┊      ⣀⣀   ⢀⠇ ⠈⠉⠣⣀⡠⠒⢢  ⡔⠒⠤⠤⠊ ⢇ ⡜ ⢸⡖⠢⣀⣀⣀⣀    ⢸⠉⢣
                                                                                       ⢀⣀⡀ ⢀⣀⡰⠁⠒⠉⠙⢄⣸  ⢠⠤⠜⠉⢣  ⠓⠚⠃⠈⡆   ⠘⠒⢆ ⢸⡄    ⠈⠢⠤⢄⣀⡇ ⠈⠦⢄
        0                                                                              ⠐⠒⠑⠒⠊⠉⠁    ⠣⠤⠤⠤⠃   ⠈⠒⠒⠁   ⠈⠉⠑⠒⠃ ⠈⠒⠃⠧⠔⠉⠉⠢⠴⠁   ⠘⠒⠊⠉⠈⠒⠒
                                                                                       00:00                00:05                 00:10
────────────────────────────────────────────────────────────────────────────────────────────────────────────────────────────────────────────
 Connection View   Thread View   Rules                               26 rows │  Overview   Response   Request   Call Stack               ✕
Name                      Size Type      Status         Time Timeline        │  {
token                    391 B json      200          513 ms          █     ▐│    "version": 42,
init                     316 B json      200          2.01 s          ▕▊    ▐│    "minSdk": "2.3.0",
monitor                  302 B json      200          1.58 s          ▕▌    ▐│    "flags": {
events                    17 B json      200          1.45 s           █    ▐│      "newLivenessModel": true,
u_4821.png              4.5 KB png       200          476 ms           ▏    ▐│      "strictAttestation": false
monitor                  302 B json      200          1.53 s           ▕▌   ▐│    },
challenge                144 B json      200          386 ms           ▕    ▐│    "rollout": 0.25
config                     0 B           302           61 ms            ▏   ▐│  }
↪ config.json            106 B json      200          195 ms            ▏   ▐│
attest                   180 B json      200          2.75 s            █▌  ▐│ ────────────────────────────────────────────────────────────
metrics                    6 B protobuf  200          224 ms            ▏   ▐│ Request           config.json
monitor                  302 B json      200          1.41 s            ▕▌  ▐│ Method            GET
events                    17 B json      200          1.14 s            ▕▌  ▐│ Status            200 OK
liveness-model-v3.j…     150 B json      404          346 ms             █  ▐│ URL               https://cdn.example.app/sdk/v2/config.json
enroll                    72 B json      200          2.08 s             ▐█ ▐│ Redirect          hop 2 of this call · after http://cdn.exam
documents                 93 B json      200          515 ms             ▕  ▐│ Request type      —
monitor                  302 B json      200          1.50 s             ▕▌ ▐│ Response type     application/json; charset=utf-8
report                   305 B html      500          219 ms              ▏ ▐│ Response size     106 B
lookup?fields=count…     101 B json      200          507 ms              █ ▐│ Initiating thread DefaultDispatcher-worker-2  id 59 · call s
monitor                  302 B json      200          1.49 s              ▕▌▐│ Client            OkHttp 4.12.0
status?sessionId=se…     263 B json      200          326 ms              ▕ ▐│ Protocol          h2
threshold                                ···          1.90 s               █▐│ Remote address    151.101.1.195:443  connection c-4 (reused)
events                    17 B json      200          970 ms               ▌▐│ TLS               TLSv1.3 · TLS_AES_128_GCM_SHA256
status?sessionId=se…     263 B json      200          174 ms               ▏▐│ Certificate       CN=*.example.app · issued by WE1
fonts.json                               canceled     380 ms               ▏ │ Started           00:04.162  (05:10:04.162)
 26 requests  13 KB in  18 KB out  1 failed  0 dropped  ⚠ studio inspector present                                                  ? help
